$ node seed.mjs
started  2026-08-20T17:39:10Z
node     v26.3.0
---
ledger      hue 114.2  chroma 0.008  groundL 0.926  darkL 0.2  accentHue  27.3  accentC 0.126  fill ink/ink
instrument  hue 236.5  chroma 0.004  groundL 0.953  darkL 0.172  accentHue  70.6  accentC 0.106  fill accent/accent
fieldguide  hue 124.4  chroma 0.007  groundL 0.955  darkL 0.2  accentHue 264.5  accentC 0.163  fill own/accent
dossier     hue  85.9  chroma 0.022  groundL 0.856  darkL 0.206  accentHue  28.9  accentC 0.133  fill accent/accent
prospectus  hue  89.9  chroma 0  groundL 1  darkL 0.15  accentHue  22.7  accentC 0.189  fill ink/ink
almanac     hue 106.6  chroma 0.009  groundL 0.944  darkL 0.201  accentHue  29.1  accentC 0.149  fill ink/own
signal      hue   282  chroma 0.015  groundL 0.97  darkL 0.183  accentHue  32.6  accentC 0.184  fill ink/accent
workbench   hue 239.8  chroma 0.006  groundL 0.944  darkL 0.204  accentHue 225.6  accentC 0.083  fill ink/accent
broadside   hue  84.6  chroma 0.017  groundL 0.914  darkL 0.183  accentHue  31.6  accentC 0.165  fill own/accent
quiet       hue 106.4  chroma 0.003  groundL 0.985  darkL 0.182  accentHue 171.6  accentC 0.02  fill ink/ink

The hand-picked palettes pass every pair — the generator has to match, not rescue.
ALL PASS — 10 looks x 2 themes x 13 pairs = 260 regenerated pairs, 0 failing.
0 tokens move by more than 0.06 lightness or 12 hue degrees:

SEEDS (paste-ready):
{
 ledger: {
  hue: 114.2,
  chroma: 0.008,
  hueDark: 264.4,
  groundL: 0.926,
  darkL: 0.2,
  darkChroma: 1.064,
  inkShift: 133.8,
  inkShiftDark: -150.1,
  inkChroma: 0.623,
  inkChromaDark: 0.998,
  inkL: 0.208,
  inkLDark: 0.932,
  ink2L: 0.422,
  ink2LDark: 0.748,
  ink3L: 0.48,
  ink3LDark: 0.629,
  accentHue: 27.3,
  accentChroma: 0.126,
  darkAccentChroma: 1.087,
  accentL: 0.388,
  accentLDark: 0.645,
  lift: 0,
  sunk: 0.029,
  hairStep: 0.109,
  liftDark: 0,
  sunkDark: 0.034,
  hairStepDark: 0.134,
  goodHue: 169.5,
  badHue: 27.3,
  goodL: 0.374,
  goodLDark: 0.719,
  badL: 0.388,
  badLDark: 0.645,
  fillFrom: "ink",
  fillFromDark: "ink",
  contrast: 1
 },
 instrument: {
  hue: 236.5,
  chroma: 0.004,
  hueDark: 255.7,
  groundL: 0.953,
  darkL: 0.172,
  darkChroma: 2.301,
  inkShift: 19.2,
  inkShiftDark: -22,
  inkChroma: 2.301,
  inkChromaDark: 1.604,
  inkL: 0.172,
  inkLDark: 0.94,
  ink2L: 0.46,
  ink2LDark: 0.731,
  ink3L: 0.516,
  ink3LDark: 0.639,
  accentHue: 70.6,
  accentChroma: 0.106,
  darkAccentChroma: 1.316,
  accentL: 0.504,
  accentLDark: 0.765,
  lift: 0.047,
  sunk: 0.025,
  hairStep: 0.089,
  liftDark: 0.043,
  sunkDark: 0.078,
  hairStepDark: 0.117,
  goodHue: 167.2,
  badHue: 29.7,
  goodL: 0.444,
  goodLDark: 0.705,
  badL: 0.445,
  badLDark: 0.652,
  fillFrom: "accent",
  fillFromDark: "accent",
  contrast: 1
 },
 fieldguide: {
  hue: 124.4,
  chroma: 0.007,
  hueDark: 170,
  groundL: 0.955,
  darkL: 0.2,
  darkChroma: 1.921,
  inkShift: 40.8,
  inkShiftDark: -31.3,
  inkChroma: 3.666,
  inkChromaDark: 2.024,
  inkL: 0.252,
  inkLDark: 0.944,
  ink2L: 0.431,
  ink2LDark: 0.758,
  ink3L: 0.498,
  ink3LDark: 0.656,
  accentHue: 264.5,
  accentChroma: 0.163,
  darkAccentChroma: 0.673,
  accentL: 0.408,
  accentLDark: 0.753,
  lift: 0.022,
  sunk: 0.033,
  hairStep: 0.113,
  liftDark: 0.036,
  sunkDark: 0.071,
  hairStepDark: 0.136,
  goodHue: 161.4,
  badHue: 34.7,
  goodL: 0.479,
  goodLDark: 0.742,
  badL: 0.467,
  badLDark: 0.711,
  fillFrom: "own",
  fillFromDark: "accent",
  fillL: 0.292,
  fillChroma: 0.046,
  fillHue: 164.9,
  contrast: 1
 },
 dossier: {
  hue: 85.9,
  chroma: 0.022,
  groundL: 0.856,
  darkL: 0.206,
  darkChroma: 0.49,
  inkShift: -1.4,
  inkShiftDark: 2.8,
  inkChroma: 0.551,
  inkChromaDark: 0.962,
  inkL: 0.236,
  inkLDark: 0.935,
  ink2L: 0.396,
  ink2LDark: 0.746,
  ink3L: 0.422,
  ink3LDark: 0.657,
  accentHue: 28.9,
  accentChroma: 0.133,
  darkAccentChroma: 1.067,
  accentL: 0.436,
  accentLDark: 0.674,
  lift: 0.043,
  sunk: 0.037,
  hairStep: 0.135,
  liftDark: 0.031,
  sunkDark: 0.064,
  hairStepDark: 0.132,
  goodHue: 153.9,
  badHue: 28.9,
  goodL: 0.399,
  goodLDark: 0.708,
  badL: 0.436,
  badLDark: 0.674,
  fillFrom: "accent",
  fillFromDark: "accent",
  contrast: 1
 },
 prospectus: {
  hue: 89.9,
  chroma: 0,
  groundL: 1,
  darkL: 0.15,
  darkChroma: 0,
  inkShift: 0,
  inkShiftDark: 0,
  inkChroma: 0,
  inkChromaDark: 0,
  inkL: 0.178,
  inkLDark: 0.961,
  ink2L: 0.424,
  ink2LDark: 0.732,
  ink3L: 0.531,
  ink3LDark: 0.623,
  accentHue: 22.7,
  accentChroma: 0.189,
  darkAccentChroma: 1.047,
  accentL: 0.482,
  accentLDark: 0.695,
  lift: 0,
  sunk: 0.033,
  hairStep: 0.118,
  liftDark: 0.037,
  sunkDark: 0.073,
  hairStepDark: 0.135,
  goodHue: 167.3,
  badHue: 22.7,
  goodL: 0.402,
  goodLDark: 0.711,
  badL: 0.482,
  badLDark: 0.695,
  fillFrom: "ink",
  fillFromDark: "ink",
  contrast: 1
 },
 almanac: {
  hue: 106.6,
  chroma: 0.009,
  hueDark: 272.6,
  groundL: 0.944,
  darkL: 0.201,
  darkChroma: 1.543,
  inkShift: 158.7,
  inkShiftDark: -165.9,
  inkChroma: 4.289,
  inkChromaDark: 1.289,
  inkL: 0.262,
  inkLDark: 0.932,
  ink2L: 0.43,
  ink2LDark: 0.758,
  ink3L: 0.49,
  ink3LDark: 0.657,
  accentHue: 29.1,
  accentChroma: 0.149,
  darkAccentChroma: 0.767,
  accentL: 0.464,
  accentLDark: 0.726,
  lift: 0.024,
  sunk: 0.037,
  hairStep: 0.124,
  liftDark: 0.03,
  sunkDark: 0.068,
  hairStepDark: 0.14,
  goodHue: 159.9,
  badHue: 29.1,
  goodL: 0.439,
  goodLDark: 0.742,
  badL: 0.464,
  badLDark: 0.726,
  fillFrom: "ink",
  fillFromDark: "own",
  fillLDark: 0.843,
  fillChromaDark: 0.049,
  fillHueDark: 277.6,
  contrast: 1
 },
 signal: {
  hue: 282,
  chroma: 0.015,
  hueDark: 271.7,
  groundL: 0.97,
  darkL: 0.183,
  darkChroma: 5.177,
  inkShift: -13.4,
  inkShiftDark: 11.5,
  inkChroma: 9.341,
  inkChromaDark: 1.552,
  inkL: 0.281,
  inkLDark: 0.953,
  ink2L: 0.418,
  ink2LDark: 0.764,
  ink3L: 0.513,
  ink3LDark: 0.64,
  accentHue: 32.6,
  accentChroma: 0.184,
  darkAccentChroma: 0.918,
  accentL: 0.536,
  accentLDark: 0.729,
  lift: 0.03,
  sunk: 0.032,
  hairStep: 0.096,
  liftDark: 0.046,
  sunkDark: 0.089,
  hairStepDark: 0.162,
  goodHue: 164.5,
  badHue: 32.6,
  goodL: 0.474,
  goodLDark: 0.776,
  badL: 0.536,
  badLDark: 0.729,
  fillFrom: "ink",
  fillFromDark: "accent",
  contrast: 1
 },
 workbench: {
  hue: 239.8,
  chroma: 0.006,
  hueDark: 249.8,
  groundL: 0.944,
  darkL: 0.204,
  darkChroma: 5.808,
  inkShift: 7.5,
  inkShiftDark: -23.4,
  inkChroma: 6.962,
  inkChromaDark: 4.145,
  inkL: 0.245,
  inkLDark: 0.931,
  ink2L: 0.428,
  ink2LDark: 0.767,
  ink3L: 0.494,
  ink3LDark: 0.659,
  accentHue: 225.6,
  accentChroma: 0.083,
  darkAccentChroma: 1.275,
  accentL: 0.453,
  accentLDark: 0.734,
  lift: 0.034,
  sunk: 0.029,
  hairStep: 0.125,
  liftDark: 0.034,
  sunkDark: 0.07,
  hairStepDark: 0.137,
  goodHue: 169.5,
  badHue: 32,
  goodL: 0.442,
  goodLDark: 0.737,
  badL: 0.445,
  badLDark: 0.7,
  fillFrom: "ink",
  fillFromDark: "accent",
  contrast: 1
 },
 broadside: {
  hue: 84.6,
  chroma: 0.017,
  groundL: 0.914,
  darkL: 0.183,
  darkChroma: 0.595,
  inkShift: 7.2,
  inkShiftDark: 3.4,
  inkChroma: 0.689,
  inkChromaDark: 0.97,
  inkL: 0.196,
  inkLDark: 0.944,
  ink2L: 0.371,
  ink2LDark: 0.743,
  ink3L: 0.465,
  ink3LDark: 0.636,
  accentHue: 31.6,
  accentChroma: 0.165,
  darkAccentChroma: 1.115,
  accentL: 0.484,
  accentLDark: 0.669,
  lift: 0.024,
  sunk: 0.04,
  hairStep: 0.16,
  liftDark: 0.028,
  sunkDark: 0.06,
  hairStepDark: 0.145,
  goodHue: 154,
  badHue: 31.8,
  goodL: 0.401,
  goodLDark: 0.737,
  badL: 0.508,
  badLDark: 0.669,
  fillFrom: "own",
  fillFromDark: "accent",
  fillL: 0.508,
  fillChroma: 0.173,
  fillHue: 31.8,
  contrast: 1
 },
 quiet: {
  hue: 106.4,
  chroma: 0.003,
  groundL: 0.985,
  darkL: 0.182,
  darkChroma: 0.761,
  inkShift: 0.3,
  inkShiftDark: 0.1,
  inkChroma: 1.453,
  inkChromaDark: 2.523,
  inkL: 0.217,
  inkLDark: 0.945,
  ink2L: 0.459,
  ink2LDark: 0.72,
  ink3L: 0.536,
  ink3LDark: 0.628,
  accentHue: 171.6,
  accentChroma: 0.02,
  darkAccentChroma: 1.25,
  accentL: 0.395,
  accentLDark: 0.771,
  lift: 0,
  sunk: 0.027,
  hairStep: 0.073,
  liftDark: 0.018,
  sunkDark: 0.048,
  hairStepDark: 0.102,
  goodHue: 161.8,
  badHue: 29.6,
  goodL: 0.443,
  goodLDark: 0.719,
  badL: 0.432,
  badLDark: 0.691,
  fillFrom: "ink",
  fillFromDark: "ink",
  contrast: 1
 }
}
---
exit     0
duration 1s
